✘ [ERROR] Could not resolve "./font-woff2.js"

    ../opf-render/src/font-preparation.js:4:26:
      4 │ import {woff2Decode} from './font-woff2.js';
        ╵                           ~~~~~~~~~~~~~~~~~

▲ [WARNING] Ignoring this import because "packages/javascript/dist/chunk-JANDGUGA.js" was marked as having no side effects [ignored-bare-import]

    packages/javascript/dist/pagination.js:2:7:
      2 │ import './chunk-JANDGUGA.js';
        ╵        ~~~~~~~~~~~~~~~~~~~~~

  "sideEffects" is false in the enclosing "package.json" file:

    packages/javascript/package.json:29:2:
      29 │   "sideEffects": false,
         ╵   ~~~~~~~~~~~~~

▲ [WARNING] Ignoring this import because "packages/javascript/dist/chunk-7IWTWUNU.js" was marked as having no side effects [ignored-bare-import]

    packages/javascript/dist/pagination.js:3:7:
      3 │ import './chunk-7IWTWUNU.js';
        ╵        ~~~~~~~~~~~~~~~~~~~~~

  "sideEffects" is false in the enclosing "package.json" file:

    packages/javascript/package.json:29:2:
      29 │   "sideEffects": false,
         ╵   ~~~~~~~~~~~~~

▲ [WARNING] Ignoring this import because "packages/javascript/dist/chunk-GQSK3T7X.js" was marked as having no side effects [ignored-bare-import]

    packages/javascript/dist/pagination.js:4:7:
      4 │ import './chunk-GQSK3T7X.js';
        ╵        ~~~~~~~~~~~~~~~~~~~~~

  "sideEffects" is false in the enclosing "package.json" file:

    packages/javascript/package.json:29:2:
      29 │   "sideEffects": false,
         ╵   ~~~~~~~~~~~~~

▲ [WARNING] Ignoring this import because "packages/javascript/dist/chunk-TWMRZ43O.js" was marked as having no side effects [ignored-bare-import]

    packages/javascript/dist/pagination.js:5:7:
      5 │ import './chunk-TWMRZ43O.js';
        ╵        ~~~~~~~~~~~~~~~~~~~~~

  "sideEffects" is false in the enclosing "package.json" file:

    packages/javascript/package.json:29:2:
      29 │   "sideEffects": false,
         ╵   ~~~~~~~~~~~~~

/Users/michael/Source/opf-render/node_modules/esbuild/lib/main.js:1752
  let error = new Error(text);
              ^

Error: Build failed with 1 error:
../opf-render/src/font-preparation.js:4:26: ERROR: Could not resolve "./font-woff2.js"
    at failureErrorWithLog (/Users/michael/Source/opf-render/node_modules/esbuild/lib/main.js:1752:15)
    at /Users/michael/Source/opf-render/node_modules/esbuild/lib/main.js:1211:25
    at /Users/michael/Source/opf-render/node_modules/esbuild/lib/main.js:1163:52
    at buildResponseToResult (/Users/michael/Source/opf-render/node_modules/esbuild/lib/main.js:1209:7)
    at /Users/michael/Source/opf-render/node_modules/esbuild/lib/main.js:1236:16
    at responseCallbacks.<computed> (/Users/michael/Source/opf-render/node_modules/esbuild/lib/main.js:886:9)
    at handleIncomingPacket (/Users/michael/Source/opf-render/node_modules/esbuild/lib/main.js:941:12)
    at Socket.readFromStdout (/Users/michael/Source/opf-render/node_modules/esbuild/lib/main.js:864:7)
    at Socket.emit (node:events:514:28)
    at addChunk (node:internal/streams/readable:568:12) {
  errors: [Getter/Setter],
  warnings: [Getter/Setter]
}

Node.js v24.21.0
